============================= test session starts =============================
platform win32 -- Python 3.12.0, pytest-8.0.0, pluggy-1.6.0 -- C:\Users\schlansk\Downloads\ForestFinal recovery\ForestFinal Recovery\.venv\Scripts\python.exe
cachedir: .pytest_cache
rootdir: C:\Users\schlansk\Downloads\ForestFinal recovery\ForestFinal Recovery
configfile: pytest.ini
testpaths: tests
plugins: anyio-4.9.0, asyncio-0.23.5, cov-4.1.0, mock-3.12.0
asyncio: mode=Mode.STRICT
collecting ... collected 61 items

tests/test_backoff_import.py::test_backoff_import PASSED                 [  1%]
tests/test_completion_processor.py::test_idempotent_completion_returns_reinforcement PASSED [  3%]
tests/test_completion_processor.py::test_successful_completion_updates_memory_and_returns_reinforcement PASSED [  4%]
tests/test_completion_processor.py::test_transaction_rollback_on_failure PASSED [  6%]
tests/test_completion_processor.py::test_reflection_logged_when_provided PASSED [  8%]
tests/test_context_trimmer.py::test_token_count_basic PASSED             [  9%]
tests/test_context_trimmer.py::test_trim_preserves_structure PASSED      [ 11%]
tests/test_enhanced_hta_framework.py::test_schema_contract_validation PASSED [ 13%]
tests/test_enhanced_hta_framework.py::test_context_infused_generator PASSED [ 14%]
tests/test_enhanced_hta_framework.py::test_enhanced_hta_service PASSED   [ 16%]
tests/test_hta_service.py::TestHTAService::test_hta_minimal PASSED       [ 18%]
tests/test_hta_service.py::TestHTAService::test_direct_debug_hta_service PASSED [ 19%]
tests/test_hta_service.py::TestHTAService::test_generate_initial_hta_from_manifest_success SKIPPED [ 21%]
tests/test_hta_service.py::TestHTAService::test_generate_initial_hta_from_manifest_db_error SKIPPED [ 22%]
tests/test_hta_service.py::TestHTAService::test_generate_initial_hta_with_empty_manifest SKIPPED [ 24%]
tests/test_hta_service.py::TestHTAServiceIntegration::test_end_to_end_manifest_to_tree PASSED [ 26%]
tests/test_llm_service_import.py::test_llm_service_import PASSED         [ 27%]
tests/test_offering_reward.py::test_offering_router_initialization PASSED [ 29%]
tests/test_offering_reward.py::test_preview_offering_disabled PASSED     [ 31%]
tests/test_offering_reward.py::test_preview_offering_success PASSED      [ 32%]
tests/test_offering_reward.py::test_generate_offering_disabled PASSED    [ 34%]
tests/test_offering_reward.py::test_generate_offering_success PASSED     [ 36%]
tests/test_offering_reward.py::test_record_acceptance_disabled PASSED    [ 37%]
tests/test_offering_reward.py::test_record_acceptance_success PASSED     [ 39%]
tests/test_offering_reward.py::test_record_acceptance_invalid_suggestion PASSED [ 40%]
tests/test_offering_reward.py::test_record_acceptance_invalid_snapshot PASSED [ 42%]
tests/test_offering_reward.py::test_get_snapshot_data PASSED             [ 44%]
tests/test_offering_reward.py::test_pydantic_models PASSED               [ 45%]
tests/test_pattern_id.py::test_pattern_engine_initialization PASSED      [ 47%]
tests/test_pattern_id.py::test_pattern_engine_custom_config PASSED       [ 49%]
tests/test_pattern_id.py::test_extract_keywords PASSED                   [ 50%]
tests/test_pattern_id.py::test_analyze_patterns_disabled PASSED          [ 52%]
tests/test_pattern_id.py::test_analyze_patterns_reflection_keywords PASSED [ 54%]
tests/test_pattern_id.py::test_analyze_patterns_task_cycles PASSED       [ 55%]
tests/test_pattern_id.py::test_analyze_patterns_triggers PASSED          [ 57%]
tests/test_pattern_id.py::test_analyze_patterns_invalid_data PASSED      [ 59%]
tests/test_pattern_id.py::test_analyze_patterns_empty_data PASSED        [ 60%]
tests/test_pattern_id.py::test_identify_patterns PASSED                  [ 62%]
tests/test_prompt_augmentation.py::test_default_template_exists PASSED   [ 63%]
tests/test_prompt_augmentation.py::test_format_prompt_with_examples PASSED [ 65%]
tests/test_prompt_augmentation.py::test_format_prompt_missing_param PASSED [ 67%]
tests/test_shared_models.py::test_hta_node_base_creation PASSED          [ 68%]
tests/test_shared_models.py::test_desire_base_creation PASSED            [ 70%]
tests/test_shared_models.py::test_financial_metrics_base_creation PASSED [ 72%]
tests/test_shared_models.py::test_pattern_base_creation PASSED           [ 73%]
tests/test_shared_models.py::test_invalid_hta_node_base PASSED           [ 75%]
tests/test_shared_models.py::test_invalid_desire_base PASSED             [ 77%]
tests/test_shared_models.py::test_invalid_financial_metrics_base PASSED  [ 78%]
tests/test_shared_models.py::test_invalid_pattern_base PASSED            [ 80%]
tests/test_task_engine.py::test_calculate_node_score PASSED              [ 81%]
tests/test_task_engine.py::test_calculate_node_score_invalid_priority PASSED [ 83%]
tests/test_task_engine.py::test_task_engine_initialization PASSED        [ 85%]
tests/test_task_engine.py::test_get_next_step_no_hta PASSED              [ 86%]
tests/test_task_engine.py::test_get_next_step_with_tasks PASSED          [ 88%]
tests/test_task_engine.py::test_check_dependencies PASSED                [ 90%]
tests/test_task_engine.py::test_check_resources PASSED                   [ 91%]
tests/test_task_engine.py::test_create_task_from_hta_node PASSED         [ 93%]
tests/test_trees_router.py::TestTreesRouter::test_create_tree_success PASSED [ 95%]
tests/test_trees_router.py::TestTreesRouter::test_create_tree_idempotent PASSED [ 96%]
tests/test_trees_router.py::TestTreesRouter::test_create_tree_invalid_manifest PASSED [ 98%]
tests/test_trees_router.py::TestTreesRouterIntegration::test_end_to_end_tree_creation PASSED [100%]

============================== warnings summary ===============================
.venv\Lib\site-packages\starlette\formparsers.py:12
  C:\Users\schlansk\Downloads\ForestFinal recovery\ForestFinal Recovery\.venv\Lib\site-packages\starlette\formparsers.py:12: PendingDeprecationWarning: Please use `import python_multipart` instead.
    import multipart

-- Docs: https://docs.pytest.org/en/stable/how-to/capture-warnings.html
================== 58 passed, 3 skipped, 1 warning in 3.85s ===================
